[    0.000000] Initializing cgroup subsys cpuset
[    0.000000] Initializing cgroup subsys cpu
[    0.000000] Initializing cgroup subsys cpuacct
[    0.000000] Linux version 4.4.0-186-generic (buildd@lcy01-amd64-002) (gcc version 5.4.0 20160609 (Ubuntu 5.4.0-6ubuntu1~16.04.12) ) #216-Ubuntu SMP Wed Jul 1 05:34:05 UTC 2020 (Ubuntu 4.4.0-186.216-generic 4.4.228)
[    0.000000] Command line: BOOT_IMAGE=/boot/vmlinuz-4.4.0-186-generic root=LABEL=cloudimg-rootfs ro console=tty1 console=ttyS0
[    0.000000] KERNEL supported cpus:
[    0.000000]   Intel GenuineIntel
[    0.000000]   AMD AuthenticAMD
[    0.000000]   Centaur CentaurHauls
[    0.000000] x86/fpu: Legacy x87 FPU detected.
[    0.000000] e820: BIOS-provided physical RAM map:
[    0.000000] BIOS-e820: [mem 0x0000000000000000-0x000000000009fbff] usable
[    0.000000] BIOS-e820: [mem 0x000000000009fc00-0x000000000009ffff] reserved
[    0.000000] BIOS-e820: [mem 0x00000000000f0000-0x00000000000fffff] reserved
[    0.000000] BIOS-e820: [mem 0x0000000000100000-0x000000003ffeffff] usable
[    0.000000] BIOS-e820: [mem 0x000000003fff0000-0x000000003fffffff] ACPI data
[    0.000000] BIOS-e820: [mem 0x00000000fec00000-0x00000000fec00fff] reserved
[    0.000000] BIOS-e820: [mem 0x00000000fee00000-0x00000000fee00fff] reserved
[    0.000000] BIOS-e820: [mem 0x00000000fffc0000-0x00000000ffffffff] reserved
[    0.000000] NX (Execute Disable) protection: active
[    0.000000] SMBIOS 2.5 present.
[    0.000000] Hypervisor detected: KVM
[    0.000000] e820: last_pfn = 0x3fff0 max_arch_pfn = 0x400000000
[    0.000000] MTRR: Disabled
[    0.000000] x86/PAT: MTRRs disabled, skipping PAT initialization too.
[    0.000000] CPU MTRRs all blank - virtualized system.
[    0.000000] x86/PAT: Configuration [0-7]: WB  WT  UC- UC  WB  WT  UC- UC  
[    0.000000] found SMP MP-table at [mem 0x0009fff0-0x0009ffff] mapped at [ffff88000009fff0]
[    0.000000] Scanning 1 areas for low memory corruption
[    0.000000] RAMDISK: [mem 0x362e0000-0x37167fff]
[    0.000000] ACPI: Early table checksum verification disabled
[    0.000000] ACPI: RSDP 0x00000000000E0000 000024 (v02 VBOX  )
[    0.000000] ACPI: XSDT 0x000000003FFF0030 00003C (v01 VBOX   VBOXXSDT 00000001 ASL  00000061)
[    0.000000] ACPI: FACP 0x000000003FFF00F0 0000F4 (v04 VBOX   VBOXFACP 00000001 ASL  00000061)
[    0.000000] ACPI: DSDT 0x000000003FFF0470 002325 (v02 VBOX   VBOXBIOS 00000002 INTL 20100528)
[    0.000000] ACPI: FACS 0x000000003FFF0200 000040
[    0.000000] ACPI: FACS 0x000000003FFF0200 000040
[    0.000000] ACPI: APIC 0x000000003FFF0240 00005C (v02 VBOX   VBOXAPIC 00000001 ASL  00000061)
[    0.000000] ACPI: SSDT 0x000000003FFF02A0 0001CC (v01 VBOX   VBOXCPUT 00000002 INTL 20100528)
[    0.000000] No NUMA configuration found
[    0.000000] Faking a node at [mem 0x0000000000000000-0x000000003ffeffff]
[    0.000000] NODE_DATA(0) allocated [mem 0x3ffeb000-0x3ffeffff]
[    0.000000] kvm-clock: Using msrs 4b564d01 and 4b564d00
[    0.000000] kvm-clock: cpu 0, msr 0:3ffe3001, primary cpu clock
[    0.000000] kvm-clock: using sched offset of 6537295376 cycles
[    0.000000] clocksource: kvm-clock: mask: 0xffffffffffffffff max_cycles: 0x1cd42e4dffb, max_idle_ns: 881590591483 ns
[    0.000000] Zone ranges:
[    0.000000]   DMA      [mem 0x0000000000001000-0x0000000000ffffff]
[    0.000000]   DMA32    [mem 0x0000000001000000-0x000000003ffeffff]
[    0.000000]   Normal   empty
[    0.000000]   Device   empty
[    0.000000] Movable zone start for each node
[    0.000000] Early memory node ranges
[    0.000000]   node   0: [mem 0x0000000000001000-0x000000000009efff]
[    0.000000]   node   0: [mem 0x0000000000100000-0x000000003ffeffff]
[    0.000000] Initmem setup node 0 [mem 0x0000000000001000-0x000000003ffeffff]
[    0.000000] ACPI: PM-Timer IO Port: 0x4008
[    0.000000] IOAPIC[0]: apic_id 2, version 32, address 0xfec00000, GSI 0-23
[    0.000000] ACPI: INT_SRC_OVR (bus 0 bus_irq 0 global_irq 2 dfl dfl)
[    0.000000] ACPI: INT_SRC_OVR (bus 0 bus_irq 9 global_irq 9 low level)
[    0.000000] Using ACPI (MADT) for SMP configuration information
[    0.000000] smpboot: Allowing 2 CPUs, 0 hotplug CPUs
[    0.000000] PM: Registered nosave memory: [mem 0x00000000-0x00000fff]
[    0.000000] PM: Registered nosave memory: [mem 0x0009f000-0x0009ffff]
[    0.000000] PM: Registered nosave memory: [mem 0x000a0000-0x000effff]
[    0.000000] PM: Registered nosave memory: [mem 0x000f0000-0x000fffff]
[    0.000000] e820: [mem 0x40000000-0xfebfffff] available for PCI devices
[    0.000000] Booting paravirtualized kernel on KVM
[    0.000000] clocksource: refined-jiffies: mask: 0xffffffff max_cycles: 0xffffffff, max_idle_ns: 7645519600211568 ns
[    0.000000] setup_percpu: NR_CPUS:512 nr_cpumask_bits:512 nr_cpu_ids:2 nr_node_ids:1
[    0.000000] PERCPU: Embedded 33 pages/cpu @ffff88003fc00000 s95512 r8192 d31464 u1048576
[    0.000000] Built 1 zonelists in Node order, mobility grouping on.  Total pages: 257912
[    0.000000] Policy zone: DMA32
[    0.000000] Kernel command line: BOOT_IMAGE=/boot/vmlinuz-4.4.0-186-generic root=LABEL=cloudimg-rootfs ro console=tty1 console=ttyS0
[    0.000000] PID hash table entries: 4096 (order: 3, 32768 bytes)
[    0.000000] Memory: 997664K/1048120K available (8636K kernel code, 1337K rwdata, 4040K rodata, 1492K init, 1296K bss, 50456K reserved, 0K cma-reserved)
[    0.000000] SLUB: HWalign=64, Order=0-3, MinObjects=0, CPUs=2, Nodes=1
[    0.000000] Kernel/User page tables isolation: enabled
[    0.000000] Hierarchical RCU implementation.
[    0.000000] 	Build-time adjustment of leaf fanout to 64.
[    0.000000] 	RCU restricting CPUs from NR_CPUS=512 to nr_cpu_ids=2.
[    0.000000] RCU: Adjusting geometry for rcu_fanout_leaf=64, nr_cpu_ids=2
[    0.000000] NR_IRQS:33024 nr_irqs:440 16
[    0.000000] Console: colour VGA+ 80x25
[    0.000000] console [tty1] enabled
[    0.000000] console [ttyS0] enabled
[    0.000000] tsc: Detected 2304.006 MHz processor
[    0.548646] Calibrating delay loop (skipped) preset value.. 4608.01 BogoMIPS (lpj=9216024)
[    0.555233] pid_max: default: 32768 minimum: 301
[    0.558587] ACPI: Core revision 20150930
[    0.562562] ACPI: 2 ACPI AML tables successfully acquired and loaded
[    0.569169] Security Framework initialized
[    0.572856] Yama: becoming mindful.
[    0.576348] AppArmor: AppArmor initialized
[    0.579814] Dentry cache hash table entries: 131072 (order: 8, 1048576 bytes)
[    0.590383] Inode-cache hash table entries: 65536 (order: 7, 524288 bytes)
[    0.599099] Mount-cache hash table entries: 2048 (order: 2, 16384 bytes)
[    0.604235] Mountpoint-cache hash table entries: 2048 (order: 2, 16384 bytes)
[    0.614269] Initializing cgroup subsys io
[    0.617729] Initializing cgroup subsys memory
[    0.621641] Initializing cgroup subsys devices
[    0.627364] Initializing cgroup subsys freezer
[    0.631768] Initializing cgroup subsys net_cls
[    0.635191] Initializing cgroup subsys perf_event
[    0.639952] Initializing cgroup subsys net_prio
[    0.644008] Initializing cgroup subsys hugetlb
[    0.647386] Initializing cgroup subsys pids
[    0.651638] mce: CPU supports 0 MCE banks
[    0.655758] Last level iTLB entries: 4KB 64, 2MB 8, 4MB 8
[    0.660237] Last level dTLB entries: 4KB 64, 2MB 0, 4MB 0, 1GB 4
[    0.665217] Spectre V1 : Mitigation: usercopy/swapgs barriers and __user pointer sanitization
[    0.672895] Spectre V2 : Mitigation: Full generic retpoline
[    0.678656] Spectre V2 : Spectre v2 / SpectreRSB mitigation: Filling RSB on context switch
[    0.684822] Speculative Store Bypass: Vulnerable
[    0.690313] MDS: Mitigation: Clear CPU buffers
[    0.714318] Freeing SMP alternatives memory: 36K
[    0.766196] ftrace: allocating 32334 entries in 127 pages
[    1.366441] smpboot: APIC(0) Converting physical 0 to logical package 0
[    1.372980] smpboot: Max logical packages: 1
[    1.393758] ..TIMER: vector=0x30 apic1=0 pin1=2 apic2=-1 pin2=-1
[    1.508865] smpboot: CPU0: Intel(R) Core(TM) i5-8300H CPU @ 2.30GHz (family: 0x6, model: 0x9e, stepping: 0xa)
[    1.522322] Performance Events: unsupported p6 CPU model 158 no PMU driver, software events only.
[    1.596885] KVM setup paravirtual spinlock
[    1.605955] x86: Booting SMP configuration:
[    1.610870] .... node  #0, CPUs:      #1
[    1.616412] kvm-clock: cpu 1, msr 0:3ffe3041, secondary cpu clock
[    1.621454] mce: CPU supports 0 MCE banks
[    1.625249] TSC synchronization [CPU#0 -> CPU#1]:
[    1.630462] Measured 65564 cycles TSC warp between CPUs, turning off TSC clock.
[    1.638020] tsc: Marking TSC unstable due to check_tsc_sync_source failed
[    0.442140] x86: Booted up 1 node, 2 CPUs
[    0.444008] smpboot: Total of 2 processors activated (9216.02 BogoMIPS)
[    0.456313] devtmpfs: initialized
[    0.461415] evm: security.selinux
[    0.464043] evm: security.SMACK64
[    0.466665] evm: security.SMACK64EXEC
[    0.468005] evm: security.SMACK64TRANSMUTE
[    0.472004] evm: security.SMACK64MMAP
[    0.476002] evm: security.ima
[    0.478081] evm: security.capability
[    0.480379] clocksource: jiffies: mask: 0xffffffff max_cycles: 0xffffffff, max_idle_ns: 7645041785100000 ns
[    0.484038] futex hash table entries: 512 (order: 3, 32768 bytes)
[    0.488574] pinctrl core: initialized pinctrl subsystem
[    0.492250] RTC time: 12:45:21, date: 07/31/20
[    0.500197] NET: Registered protocol family 16
[    0.512008] cpuidle: using governor ladder
[    0.524015] cpuidle: using governor menu
[    0.527433] PCCT header not found.
[    0.528205] ACPI: bus type PCI registered
[    0.532008] acpiphp: ACPI Hot Plug PCI Controller Driver version: 0.5
[    0.536430] PCI: Using configuration type 1 for base access
[    0.564623] ACPI: Added _OSI(Module Device)
[    0.568007] ACPI: Added _OSI(Processor Device)
[    0.572010] ACPI: Added _OSI(3.0 _SCP Extensions)
[    0.576020] ACPI: Added _OSI(Processor Aggregator Device)
[    0.581075] ACPI: Executed 1 blocks of module-level executable AML code
[    0.588947] ACPI: Interpreter enabled
[    0.592014] ACPI: (supports S0 S5)
[    0.596003] ACPI: Using IOAPIC for interrupt routing
[    0.600336] PCI: Using host bridge windows from ACPI; if necessary, use "pci=nocrs" and report a bug
[    0.611049] ACPI: PCI Root Bridge [PCI0] (domain 0000 [bus 00-ff])
[    0.612015] acpi PNP0A03:00: _OSC: OS supports [ASPM ClockPM Segments MSI]
[    0.616528] acpi PNP0A03:00: _OSC: not requesting OS control; OS requires [ExtendedConfig ASPM ClockPM MSI]
[    0.620026] acpi PNP0A03:00: fail to add MMCONFIG information, can't access extended PCI configuration space under this bridge.
[    0.624898] PCI host bridge to bus 0000:00
[    0.628011] pci_bus 0000:00: root bus resource [io  0x0000-0x0cf7 window]
[    0.632008] pci_bus 0000:00: root bus resource [io  0x0d00-0xffff window]
[    0.636009] pci_bus 0000:00: root bus resource [mem 0x000a0000-0x000bffff window]
[    0.640007] pci_bus 0000:00: root bus resource [mem 0x40000000-0xfdffffff window]
[    0.644009] pci_bus 0000:00: root bus resource [bus 00-ff]
[    0.653149] pci 0000:00:01.1: legacy IDE quirk: reg 0x10: [io  0x01f0-0x01f7]
[    0.656012] pci 0000:00:01.1: legacy IDE quirk: reg 0x14: [io  0x03f6]
[    0.664011] pci 0000:00:01.1: legacy IDE quirk: reg 0x18: [io  0x0170-0x0177]
[    0.668008] pci 0000:00:01.1: legacy IDE quirk: reg 0x1c: [io  0x0376]
[    0.728275] pci 0000:00:07.0: quirk: [io  0x4000-0x403f] claimed by PIIX4 ACPI
[    0.748032] pci 0000:00:07.0: quirk: [io  0x4100-0x410f] claimed by PIIX4 SMB
[    0.776691] ACPI: PCI Interrupt Link [LNKA] (IRQs 5 9 10 *11)
[    0.824437] ACPI: PCI Interrupt Link [LNKB] (IRQs 5 9 *10 11)
[    0.841305] ACPI: PCI Interrupt Link [LNKC] (IRQs 5 *9 10 11)
[    0.856769] ACPI: PCI Interrupt Link [LNKD] (IRQs 5 9 10 *11)
[    0.872164] ACPI: Enabled 2 GPEs in block 00 to 07
[    0.880345] vgaarb: setting as boot device: PCI:0000:00:02.0
[    0.884000] vgaarb: device added: PCI:0000:00:02.0,decodes=io+mem,owns=io+mem,locks=none
[    0.904006] vgaarb: loaded
[    0.906079] vgaarb: bridge control possible 0000:00:02.0
[    0.916532] SCSI subsystem initialized
[    0.924095] ACPI: bus type USB registered
[    0.928024] usbcore: registered new interface driver usbfs
[    0.936049] usbcore: registered new interface driver hub
[    0.944127] usbcore: registered new device driver usb
[    0.956305] PCI: Using ACPI for IRQ routing
[    0.964610] NetLabel: Initializing
[    0.972004] NetLabel:  domain hash size = 128
[    0.980003] NetLabel:  protocols = UNLABELED CIPSOv4
[    0.988019] NetLabel:  unlabeled traffic allowed by default
[    0.996125] amd_nb: Cannot enumerate AMD northbridges
[    1.000297] clocksource: Switched to clocksource kvm-clock
[    1.039875] AppArmor: AppArmor Filesystem Enabled
[    1.044815] pnp: PnP ACPI init
[    1.048987] pnp: PnP ACPI: found 3 devices
[    1.059734] clocksource: acpi_pm: mask: 0xffffff max_cycles: 0xffffff, max_idle_ns: 2085701024 ns
[    1.069239] NET: Registered protocol family 2
[    1.073614] TCP established hash table entries: 8192 (order: 4, 65536 bytes)
[    1.079919] TCP bind hash table entries: 8192 (order: 5, 131072 bytes)
[    1.087838] TCP: Hash tables configured (established 8192 bind 8192)
[    1.095760] UDP hash table entries: 512 (order: 2, 16384 bytes)
[    1.101668] UDP-Lite hash table entries: 512 (order: 2, 16384 bytes)
[    1.107929] NET: Registered protocol family 1
[    1.112665] pci 0000:00:00.0: Limiting direct PCI/PCI transfers
[    1.118577] pci 0000:00:01.0: Activating ISA DMA hang workarounds
[    1.124555] Unpacking initramfs...
[    1.661772] Freeing initrd memory: 14880K
[    1.666638] clocksource: tsc: mask: 0xffffffffffffffff max_cycles: 0x2135fd711f6, max_idle_ns: 440795262176 ns
[    1.682159] platform rtc_cmos: registered platform RTC device (no PNP device found)
[    1.691187] Scanning for low memory corruption every 60 seconds
[    1.699426] audit: initializing netlink subsys (disabled)
[    1.706344] audit: type=2000 audit(1596199529.208:1): initialized
[    1.712790] Initialise system trusted keyring
[    1.717599] HugeTLB registered 2 MB page size, pre-allocated 0 pages
[    1.725549] zbud: loaded
[    1.729241] VFS: Disk quotas dquot_6.6.0
[    1.733243] VFS: Dquot-cache hash table entries: 512 (order 0, 4096 bytes)
[    1.740715] squashfs: version 4.0 (2009/01/31) Phillip Lougher
[    1.747393] fuse init (API version 7.23)
[    1.752149] Key type big_key registered
[    1.755578] Allocating IMA MOK and blacklist keyrings.
[    1.771005] Key type asymmetric registered
[    1.774324] Asymmetric key parser 'x509' registered
[    1.778096] Block layer SCSI generic (bsg) driver version 0.4 loaded (major 249)
[    1.785139] io scheduler noop registered
[    1.788067] io scheduler deadline registered (default)
[    1.792753] io scheduler cfq registered
[    1.796286] pci_hotplug: PCI Hot Plug PCI Core version: 0.5
[    1.801173] pciehp: PCI Express Hot Plug Controller Driver version: 0.4
[    1.807137] ACPI: AC Adapter [AC] (on-line)
[    1.811353] input: Power Button as /devices/LNXSYSTM:00/LNXPWRBN:00/input/input0
[    1.817716] ACPI: Power Button [PWRF]
[    1.821467] input: Sleep Button as /devices/LNXSYSTM:00/LNXSLPBN:00/input/input1
[    1.827507] ACPI: Sleep Button [SLPF]
[    1.833997] ACPI: Battery Slot [BAT0] (battery present)
[    1.840519] GHES: HEST is not enabled!
[    1.847971] Serial: 8250/16550 driver, 32 ports, IRQ sharing enabled
[    1.880194] 00:02: ttyS0 at I/O 0x3f8 (irq = 4, base_baud = 115200) is a 16550A
[    1.903796] Linux agpgart interface v0.103
[    1.925353] loop: module loaded
[    1.931843] scsi host0: ata_piix
[    1.938816] scsi host1: ata_piix
[    1.942302] ata1: PATA max UDMA/33 cmd 0x1f0 ctl 0x3f6 bmdma 0xd000 irq 14
[    1.946204] ata2: PATA max UDMA/33 cmd 0x170 ctl 0x376 bmdma 0xd008 irq 15
[    1.957780] libphy: Fixed MDIO Bus: probed
[    1.962723] tun: Universal TUN/TAP device driver, 1.6
[    1.967488] tun: (C) 1999-2004 Max Krasnyansky <maxk@qualcomm.com>
[    1.974036] PPP generic driver version 2.4.2
[    1.978197] ehci_hcd: USB 2.0 'Enhanced' Host Controller (EHCI) Driver
[    1.984881] ehci-pci: EHCI PCI platform driver
[    1.988683] ehci-platform: EHCI generic platform driver
[    1.993137] ohci_hcd: USB 1.1 'Open' Host Controller (OHCI) Driver
[    1.997967] ohci-pci: OHCI PCI platform driver
[    2.001209] ohci-platform: OHCI generic platform driver
[    2.005900] uhci_hcd: USB Universal Host Controller Interface driver
[    2.011037] i8042: PNP: PS/2 Controller [PNP0303:PS2K,PNP0f03:PS2M] at 0x60,0x64 irq 1,12
[    2.020963] serio: i8042 KBD port at 0x60,0x64 irq 1
[    2.024357] serio: i8042 AUX port at 0x60,0x64 irq 12
[    2.030139] mousedev: PS/2 mouse device common for all mice
[    2.039179] rtc_cmos rtc_cmos: rtc core: registered rtc_cmos as rtc0
[    2.045577] input: AT Translated Set 2 keyboard as /devices/platform/i8042/serio0/input/input2
[    2.048714] rtc_cmos rtc_cmos: alarms up to one day, 114 bytes nvram
[    2.048727] i2c /dev entries driver
[    2.048774] device-mapper: uevent: version 1.0.3
[    2.048881] device-mapper: ioctl: 4.34.0-ioctl (2015-10-28) initialised: dm-devel@redhat.com
[    2.048894] ledtrig-cpu: registered to indicate activity on CPUs
[    2.053986] NET: Registered protocol family 10
[    2.054217] NET: Registered protocol family 17
[    2.054224] Key type dns_resolver registered
[    2.054484] registered taskstats version 1
[    2.054498] Loading compiled-in X.509 certificates
[    2.054931] Loaded X.509 cert 'Build time autogenerated kernel key: cef5e81496c0efa51b848ab539e845ddf31c08be'
[    2.054942] zswap: loaded using pool lzo/zbud
[    2.056702] Key type trusted registered
[    2.059280] Key type encrypted registered
[    2.059287] AppArmor: AppArmor sha1 policy hashing enabled
[    2.059289] ima: No TPM chip found, activating TPM-bypass!
[    2.059293] ima: Allocated hash algorithm: sha1
[    2.059382] evm: HMAC attrs: 0x1
[    2.060420]   Magic number: 12:843:785
[    2.061749] rtc_cmos rtc_cmos: setting system clock to 2020-07-31 12:45:22 UTC (1596199522)
[    2.061833] BIOS EDD facility v0.16 2004-Jun-25, 0 devices found
[    2.061834] EDD information not available.
[    2.173421] Freeing unused kernel memory: 1492K
[    2.192497] Write protecting the kernel read-only data: 14336k
[    2.199105] Freeing unused kernel memory: 1592K
[    2.204669] Freeing unused kernel memory: 56K
Loading, please wait...
starting version 229
[    2.232618] random: udevadm: uninitialized urandom read (16 bytes read, 5 bits of entropy available)
[    2.232806] random: systemd-udevd: uninitialized urandom read (16 bytes read, 5 bits of entropy available)
[    2.232858] random: systemd-udevd: uninitialized urandom read (16 bytes read, 5 bits of entropy available)
[    2.232866] random: systemd-udevd: uninitialized urandom read (16 bytes read, 5 bits of entropy available)
[    2.232875] random: systemd-udevd: uninitialized urandom read (16 bytes read, 5 bits of entropy available)
[    2.276205] random: udevadm: uninitialized urandom read (16 bytes read, 5 bits of entropy available)
[    2.295716] random: systemd-udevd: uninitialized urandom read (16 bytes read, 5 bits of entropy available)
[    2.308595] random: systemd-udevd: uninitialized urandom read (16 bytes read, 5 bits of entropy available)
[    2.319507] random: systemd-udevd: uninitialized urandom read (16 bytes read, 5 bits of entropy available)
[    2.321124] random: udevadm: uninitialized urandom read (16 bytes read, 5 bits of entropy available)
[    2.399010] Fusion MPT base driver 3.04.20
[    2.405095] Copyright (c) 1999-2008 LSI Corporation
[    2.415799] e1000: Intel(R) PRO/1000 Network Driver - version 7.3.21-k8-NAPI
[    2.426474] e1000: Copyright (c) 1999-2006 Intel Corporation.
[    2.462197] Fusion MPT SPI Host driver 3.04.20
[    2.779415] input: ImExPS/2 Generic Explorer Mouse as /devices/platform/i8042/serio1/input/input4
[    3.222618] e1000 0000:00:03.0 eth0: (PCI:33MHz:32-bit) 02:e5:f9:b1:f5:c2
[    3.230408] e1000 0000:00:03.0 eth0: Intel(R) PRO/1000 Network Connection
[    3.238558] mptbase: ioc0: Initiating bringup
[    3.306559] ioc0: LSI53C1030 A0: Capabilities={Initiator}
[    3.489828] scsi host2: ioc0: LSI53C1030 A0, FwRev=00000000h, Ports=1, MaxQ=256, IRQ=20
[    3.614593] scsi 2:0:0:0: Direct-Access     VBOX     HARDDISK         1.0  PQ: 0 ANSI: 5
[    3.622458] scsi target2:0:0: Beginning Domain Validation
[    3.637551] scsi target2:0:0: Domain Validation skipping write tests
[    3.644748] scsi target2:0:0: Ending Domain Validation
[    3.650499] scsi target2:0:0: asynchronous
[    3.665687] scsi 2:0:1:0: Direct-Access     VBOX     HARDDISK         1.0  PQ: 0 ANSI: 5
[    3.675070] scsi target2:0:1: Beginning Domain Validation
[    3.690805] scsi target2:0:1: Domain Validation skipping write tests
[    3.697414] scsi target2:0:1: Ending Domain Validation
[    3.703802] scsi target2:0:1: asynchronous
[    3.741223] sd 2:0:0:0: Attached scsi generic sg0 type 0
[    3.746905] sd 2:0:1:0: Attached scsi generic sg1 type 0
[    3.754083] sd 2:0:0:0: [sda] 20971520 512-byte logical blocks: (10.7 GB/10.0 GiB)
[    3.765024] sd 2:0:1:0: [sdb] 20480 512-byte logical blocks: (10.5 MB/10.0 MiB)
[    3.775267] sd 2:0:0:0: [sda] Write Protect is off
[    3.811576] sd 2:0:1:0: [sdb] Write Protect is off
[    3.818244] sd 2:0:0:0: [sda] Incomplete mode parameter data
[    3.824466] sd 2:0:0:0: [sda] Assuming drive cache: write through
[    3.830183] sd 2:0:1:0: [sdb] Incomplete mode parameter data
[    3.834729] sd 2:0:1:0: [sdb] Assuming drive cache: write through
[    3.859468]  sda: sda1
[    3.868509] sd 2:0:0:0: [sda] Attached SCSI disk
[    3.879884] sd 2:0:1:0: [sdb] Attached SCSI disk
[    4.412231] e1000 0000:00:08.0 eth1: (PCI:33MHz:32-bit) 08:00:27:16:40:9e
[    4.417639] e1000 0000:00:08.0 eth1: Intel(R) PRO/1000 Network Connection
[    4.424998] e1000 0000:00:03.0 enp0s3: renamed from eth0
[    4.455164] e1000 0000:00:08.0 enp0s8: renamed from eth1
Begin: Loading essential drivers ... [    6.057227] md: linear personality registered for level -1
[    6.067170] md: multipath personality registered for level -4
[    6.078184] md: raid0 personality registered for level 0
[    6.095561] md: raid1 personality registered for level 1
[    6.176086] raid6: sse2x1   gen() 11583 MB/s
[    6.248218] raid6: sse2x1   xor()  7696 MB/s
[    6.320509] raid6: sse2x2   gen()  9256 MB/s
[    6.392117] raid6: sse2x2   xor()  9656 MB/s
[    6.464102] raid6: sse2x4   gen() 15681 MB/s
[    6.536599] raid6: sse2x4   xor() 10344 MB/s
[    6.541117] raid6: using algorithm sse2x4 gen() 15681 MB/s
[    6.545940] raid6: .... xor() 10344 MB/s, rmw enabled
[    6.550441] raid6: using ssse3x2 recovery algorithm
[    6.557311] xor: measuring software checksum speed
[   11.257612]    prefetch64-sse: 497535.704 MB/sec
[   11.364451]    generic_sse: 50609.000 MB/sec
[   11.370022] xor: using function: prefetch64-sse (497535.704 MB/sec)
[   11.379950] async_tx: api initialized (async)
[   11.429443] md: raid6 personality registered for level 6
[   11.435281] md: raid5 personality registered for level 5
[   11.441209] md: raid4 personality registered for level 4
[   11.462978] md: raid10 personality registered for level 10
done.
Begin: Running /scripts/init-premount ... done.
Begin: Mounting root file system ... Begin: Running /scripts/local-top ... done.
Begin: Running /scripts/local-premount ... [   11.538595] Btrfs loaded
Scanning for Btrfs filesystems
done.
Warning: fsck not present, so skipping root file system
[   11.655264] EXT4-fs (sda1): mounted filesystem with ordered data mode. Opts: (null)
done.
Begin: Running /scripts/local-bottom ... done.
Begin: Running /scripts/init-bottom ... done.
[   12.465147] systemd[1]: systemd 229 running in system mode. (+PAM +AUDIT +SELINUX +IMA +APPARMOR +SMACK +SYSVINIT +UTMP +LIBCRYPTSETUP +GCRYPT +GNUTLS +ACL +XZ -LZ4 +SECCOMP +BLKID +ELFUTILS +KMOD -IDN)
[   12.487708] systemd[1]: Detected virtualization oracle.
[   12.494420] systemd[1]: Detected architecture x86-64.

Welcome to [1mUbuntu 16.04.6 LTS[0m!

[   12.558529] systemd[1]: Set hostname to <ubuntu>.
[   12.597381] random: nonblocking pool is initialized
[   12.601324] systemd[1]: Initializing machine ID from random generator.
[   12.608038] systemd[1]: Installed transient /etc/machine-id file.
[   13.345623] systemd[1]: Created slice User and Session Slice.
[[0;32m  OK  [0m] Created slice User and Session Slice.
[   13.362053] systemd[1]: Listening on udev Kernel Socket.
[[0;32m  OK  [0m] Listening on udev Kernel Socket.
[   13.369931] systemd[1]: Created slice System Slice.
[[0;32m  OK  [0m] Created slice System Slice.
[   13.377441] systemd[1]: Reached target User and Group Name Lookups.
[[0;32m  OK  [0m] Reached target User and Group Name Lookups.
[   13.386744] systemd[1]: Set up automount Arbitrary Executable File Formats File System Automount Point.
[[0;32m  OK  [0m] Set up automount Arbitrary Executab...ats File System Automount Point.
[   13.401125] systemd[1]: Listening on Journal Socket.
[[0;32m  OK  [0m] Listening on Journal Socket.
[   13.421031] systemd[1]: Starting Set console keymap...
         Starting Set console keymap...
[   13.429878] systemd[1]: Starting Create list of required static device nodes for the current kernel...
         Starting Create list of required st... nodes for the current kernel...
[   13.441495] systemd[1]: Listening on Syslog Socket.
[[0;32m  OK  [0m] Listening on Syslog Socket.
[   13.447803] systemd[1]: Started Trigger resolvconf update for networkd DNS.
[[0;32m  OK  [0m] Started Trigger resolvconf update for networkd DNS.
[   13.469234] systemd[1]: Starting Remount Root and Kernel File Systems...
         Starting Remount Root and Kernel File Systems...
[   13.478327] systemd[1]: Starting Uncomplicated firewall...
         Starting Uncomplicated firewall...
[   13.487656] systemd[1]: Mounting Debug File System...
         Mounting Debug File System...
[   13.497091] systemd[1]: Reached target Swap.
[[0;32m  OK  [0m] Reached target Swap.
[   13.517548] systemd[1]: Created slice system-serial\x2dgetty.slice.
[[0;32m  OK  [0m] Created slice system-serial\x2dgetty.slice.
[   13.555609] systemd[1]: Listening on LVM2 poll daemon socket.
[[0;32m  OK  [0m] Listening on LVM2 poll daemon socket.
[   13.594703] systemd[1]: Mounting Huge Pages File System...
[   13.608776] EXT4-fs (sda1): re-mounted. Opts: (null)
         Mounting Huge Pages File System...
[   13.623036] systemd[1]: Reached target Slices.
[[0;32m  OK  [0m] Reached target Slices.
[   13.689050] systemd[1]: Starting Load Kernel Modules...
         Starting Load Kernel Modules...
[   13.703980] systemd[1]: Reached target System Time Synchronized.
[[0;32m  OK  [0m] Reached target System Time Synchronized.
[   13.729996] systemd[1]: Listening on /dev/initctl Compatibility Named Pipe.
[[0;32m  OK  [0m] Listening on /dev/initctl Compatibility Named Pipe.
[   13.746396] systemd[1]: Listening on LVM2 metadata daemon socket.
[[0;32m  OK  [0m] Listening on LVM2 metadata daemon socket.
[   13.762596] systemd[1]: Listening on udev Control Socket.
[[0;32m  OK  [0m] Listening on udev Control Socket.
[   13.796974] systemd[1]: Mounting POSIX Message Queue File System...
         Mounting POSIX Message Queue File System...
[   13.813296] systemd[1]: Reached target Encrypted Volumes.
[[0;32m  OK  [0m] Reached target Encrypted Volumes.[   13.842370] Loading iSCSI transport class v2.0-870.

[   13.853478] systemd[1]: Starting Nameserver information manager...
         Starting Nameserver information manager...
[   13.863486] systemd[1]: Listening on Device-mapper event daemon FIFOs.
[[0;32m  OK  [0m] Listening on Device-mapper event daemon FIFOs.
[   13.875729] systemd[1]: Starting Monitoring of LVM2 mirrors, snapshots etc. using dmeventd or progress polling...
         Starting Monitoring of LVM2 mirrors... dmeventd or progress polling...
[   13.893310] systemd[1]: Started Forward Password Requests to Wall Directory Watch.
[[0;32m  OK  [0m] [   13.907479] iscsi: registered transport (tcp)
Started Forward Password Requests to Wall Directory Watch.
[   13.913737] systemd[1]: Listening on Journal Socket (/dev/log).
[[0;32m  OK  [0m] Listening on Journal Socket (/dev/log).
[   13.923931] systemd[1]: Listening on Journal Audit Socket.
[[0;32m  OK  [0m] Listening on Journal Audit Socket.
[   13.944333] systemd[1]: Starting Journal Service...
         Starting Journal Service...
[   13.956043] systemd[1]: Mounted POSIX Message Queue File System.
[[0;32m  OK  [0m] Mounted POSIX Message Queue File System.
[   14.010737] systemd[1]: Mounted Debug File System.
[[0;32m  OK  [0m] Mounted Debug File System.
[   14.030629] systemd[1]: Mounted Huge Pages File System.
[[0;32m  OK  [0m] Mounted Huge Pages File System.
[   14.050043] systemd[1]: Started Set console keymap.
[[0;32m  OK  [0m] Started Set console keymap.
[   14.117551] systemd[1]: Started Create list of required static device nodes for the current kernel.
[[0;32m  OK  [0m] Started Create list of required sta...ce nodes for the current kernel.
[   14.203264] systemd[1]: Started Remount Root and Kernel File Systems.
[[0;32m  OK  [0m] Started Remount Root and Kernel File Systems.
[   14.236253] systemd[1]: Started Uncomplicated firewall.
[[0;32m  OK  [0m] Started Uncomplicated firewall.
[   14.286123] iscsi: registered transport (iser)
[   14.297301] systemd[1]: Started Load Kernel Modules.
[[0;32m  OK  [0m] Started Load Kernel Modules.
[   14.314902] systemd[1]: Started Nameserver information manager.
[[0;32m  OK  [0m] Started Nameserver information manager.
[   14.332523] systemd[1]: Started Journal Service.
[[0;32m  OK  [0m] Started Journal Service.
[[0;32m  OK  [0m] Started LVM2 metadata daemon.
         Starting Apply Kernel Variables...
         Mounting FUSE Control File System...
         Starting Flush Journal to Persistent Storage...
         Starting udev Coldplug all Devices...
         Starting Load/Save Random Seed...
         Starting Create Static Device Nodes in /dev...
[[0;32m  OK  [0m] Mounted FUSE Control File System.
[   14.475979] systemd-journald[391]: Received request to flush runtime journal from PID 1
[[0;32m  OK  [0m] Started Flush Journal to Persistent Storage.
[[0;32m  OK  [0m] Started Apply Kernel Variables.
[[0;32m  OK  [0m] Started Load/Save Random Seed.
[[0;32m  OK  [0m] Started udev Coldplug all Devices.
[[0;32m  OK  [0m] Started Create Static Device Nodes in /dev.
         Starting udev Kernel Device Manager...
[[0;32m  OK  [0m] Started Monitoring of LVM2 mirrors,...ng dmeventd or progress polling.
[[0;32m  OK  [0m] Reached target Local File Systems (Pre).
[[0;32m  OK  [0m] Reached target Local File Systems.
         Starting Initial cloud-init job (pre-networking)...
         Starting Commit a transient machine-id on disk...
         Starting Tell Plymouth To Write Out Runtime Data...
         Starting LSB: AppArmor initialization...
         Starting Set console font and keymap...
         Starting Create Volatile Files and Directories...
[[0;32m  OK  [0m] Started Commit a transient machine-id on disk.
[[0;32m  OK  [0m] Started Create Volatile Files and Directories.
         Starting Update UTMP about System Boot/Shutdown...
[[0;32m  OK  [0m] Started Tell Plymouth To Write Out Runtime Data.
[[0;32m  OK  [0m] Started Update UTMP about System Boot/Shutdown.
[[0;32m  OK  [0m] Started udev Kernel Device Manager.
[[0;32m  OK  [0m] Started Dispatch Password Requests to Console Directory Watch.
[[0;32m  OK  [0m] Found device /dev/ttyS0.
[[0;32m  OK  [0m] Listening on Load/Save RF Kill Switch Status /dev/rfkill Watch.
[[0;32m  OK  [0m] Started LSB: AppArmor initialization.
         Starting Load AppArmor profiles managed internally by snapd...
[[0;32m  OK  [0m] Started Set console font and keymap.
[[0;32m  OK  [0m] Started Load AppArmor profiles managed internally by snapd.
[[0;32m  OK  [0m] Created slice system-getty.slice.
[   25.261226] cloud-init[458]: Cloud-init v. 20.2-45-g5f7825e2-0ubuntu1~16.04.1 running 'init-local' at Fri, 31 Jul 2020 12:45:39 +0000. Up 18.70 seconds.
[[0;32m  OK  [0m] Started Initial cloud-init job (pre-networking).
[[0;32m  OK  [0m] Reached target Network (Pre).
         Starting Raise network interfaces...
[[0;32m  OK  [0m] Started Raise network interfaces.
         Starting Initial cloud-init job (metadata service crawler)...
[[0;32m  OK  [0m] Reached target Network.
[   30.913667] cloud-init[935]: Cloud-init v. 20.2-45-g5f7825e2-0ubuntu1~16.04.1 running 'init' at Fri, 31 Jul 2020 12:45:47 +0000. Up 27.18 seconds.
[   30.921250] cloud-init[935]: ci-info: ++++++++++++++++++++++++++++++++++++++Net device info+++++++++++++++++++++++++++++++++++++++
[   30.929593] cloud-init[935]: ci-info: +--------+-------+----------------------------+---------------+--------+-------------------+
[   30.937590] cloud-init[935]: ci-info: | Device |   Up  |          Address           |      Mask     | Scope  |     Hw-Address    |
[   30.944618] cloud-init[935]: ci-info: +--------+-------+----------------------------+---------------+--------+-------------------+
[   30.951286] cloud-init[935]: ci-info: | enp0s3 |  True |         10.0.2.15          | 255.255.255.0 | global | 02:e5:f9:b1:f5:c2 |
[   30.957651] cloud-init[935]: ci-info: | enp0s3 |  True | fe80::e5:f9ff:feb1:f5c2/64 |       .       |  link  | 02:e5:f9:b1:f5:c2 |
[   30.964155] cloud-init[935]: ci-info: | enp0s8 | False |             .              |       .       |   .    | 08:00:27:16:40:9e |
[   30.971935] cloud-init[935]: ci-info: |   lo   |  True |         127.0.0.1          |   255.0.0.0   |  host  |         .         |
[   30.978883] cloud-init[935]: ci-info: |   lo   |  True |          ::1/128           |       .       |  host  |         .         |
[   30.985226] cloud-init[935]: ci-info: +--------+-------+----------------------------+---------------+--------+-------------------+
[   31.009987] cloud-init[935]: ci-info: +++++++++++++++++++++++++++Route IPv4 info++++++++++++++++++++++++++++
[   31.017916] cloud-init[935]: ci-info: +-------+-------------+----------+---------------+-----------+-------+
[   31.023955] cloud-init[935]: ci-info: | Route | Destination | Gateway  |    Genmask    | Interface | Flags |
[   31.030327] cloud-init[935]: ci-info: +-------+-------------+----------+---------------+-----------+-------+
[   31.037483] cloud-init[935]: ci-info: |   0   |   0.0.0.0   | 10.0.2.2 |    0.0.0.0    |   enp0s3  |   UG  |
[   31.043905] cloud-init[935]: ci-info: |   1   |   10.0.2.0  | 0.0.0.0  | 255.255.255.0 |   enp0s3  |   U   |
[   31.050592] cloud-init[935]: ci-info: +-------+-------------+----------+---------------+-----------+-------+
[   31.056465] cloud-init[935]: ci-info: +++++++++++++++++++Route IPv6 info+++++++++++++++++++
[   31.061531] cloud-init[935]: ci-info: +-------+-------------+---------+-----------+-------+
[   31.067473] cloud-init[935]: ci-info: | Route | Destination | Gateway | Interface | Flags |
[   31.075462] cloud-init[935]: ci-info: +-------+-------------+---------+-----------+-------+
[   31.081594] cloud-init[935]: ci-info: |   0   |  fe80::/64  |    ::   |   enp0s3  |   U   |
[   31.086946] cloud-init[935]: ci-info: |   3   |   ff00::/8  |    ::   |   enp0s3  |   U   |
[   31.092555] cloud-init[935]: ci-info: +-------+-------------+---------+-----------+-------+
[   31.098175] cloud-init[935]: Generating public/private rsa key pair.
[   31.103492] cloud-init[935]: Your identification has been saved in /etc/ssh/ssh_host_rsa_key.
[   31.109083] cloud-init[935]: Your public key has been saved in /etc/ssh/ssh_host_rsa_key.pub.
[   31.113958] cloud-init[935]: The key fingerprint is:
[   31.118041] cloud-init[935]: SHA256:ADJeoVPOzif+cNJfmjDTcMLUr56ESxI+jpEGmghBVAk root@ubuntu-xenial
[   31.122935] cloud-init[935]: The key's randomart image is:
[   31.127827] cloud-init[935]: +---[RSA 2048]----+
[   31.132367] cloud-init[935]: |.E=.*.           |
[   31.137553] cloud-init[935]: |.. X . .         |
[   31.143154] cloud-init[935]: |. + o o .        |
[   31.147493] cloud-init[935]: | . + o . .       |
[   31.164430] cloud-init[935]: |o   = = S .      |
[   31.171884] cloud-init[935]: |+o + = * .       |
[   31.180845] cloud-init[935]: |+ + B O + .      |
[   31.181050] cloud-init[935]: | . + O O =       |
[   31.181585] cloud-init[935]: |  . . o *        |
[   31.182014] cloud-init[935]: +----[SHA256]-----+
[   31.182544] cloud-init[935]: Generating public/private dsa key pair.
[   31.183171] [[0;32m  OK  [0m] Started Initial cloud-init job (metadata service crawler).
[[0;32m  OK  [0m] Reached target Network is Online.
cloud-init[935]: Your identification has been saved in /etc/ssh/ssh_host_dsa_key.
[   31.199624] cloud-init[935]: Your public key has been saved in /etc/ssh/ssh_host_dsa_key.pub.
[   31.206670] cloud-init[935]: The key fingerprint is:
[   31.210681] cloud-init[935]: SHA256:B/p/pib1HeA3jf+dCgm2RGghia4LTG74pSoeyQ5xR/E root@ubuntu-xenial
[   31.216881]          Starting iSCSI initiator daemon (iscsid)...
[[0;32m  OK  [0m] Reached target Cloud-config availability.
[[0;32m  OK  [0m] Reached target System Initialization.
[[0;32m  OK  [0m] Started Daily apt download activities.
         Starting Socket activation for snappy daemon.
[[0;32m  OK  [0m] Listening on UUID daemon activation socket.
[[0;32m  OK  [0m] Started Daily Cleanup of Temporary Directories.
cloud-init[935]: The key's randomart image is:
[   31.238674] cloud-init[935]: +---[DSA 1024]----+
[   31.245900] cloud-init[935]: |    o...         |
[   31.252537] cloud-init[935]: |   . +. o        |
[   31.258491] cloud-init[935]: |  . . Eo..       |
[   31.264304] cloud-init[935]: | . o  ....  .    |
[   31.270816] cloud-init[935]: |* o . . S+.. . o |
[   31.278178] cloud-init[935]: |+B...  .o.+ o = .|
[   31.286062] cloud-init[935]: |+=.o    .o + o + |
[   31.293762] cloud-init[935]: |+.+     ... = . +|
[   31.302645] cloud-init[935]: |++       oo+ ...+|
[[0;32m  OK  [0m] Started ACPI Events Check.
[   31.312060] cloud-init[935]: +----[SHA256]-----+
[[0;32m  OK  [0m] Reached target Paths.
[   31.323690] [[0;32m  OK  [0m] Started Message of the Day.
[[0;32m  OK  [0m] Started Daily apt upgrade and clean activities.
[[0;32m  OK  [0m] Reached target Timers.
[[0;32m  OK  [0m] Listening on ACPID Listen Socket.
[[0;32m  OK  [0m] Listening on D-Bus System Message Bus Socket.
cloud-init[935]: Generating public/private ecdsa key pair.
         Starting LXD - unix socket.
[   31.345161] [[0;32m  OK  [0m] Listening on Socket activation for snappy daemon.
[[0;32m  OK  [0m] Listening on LXD - unix socket.
[[0;32m  OK  [0m] Reached target Sockets.
[[0;32m  OK  [0m] Reached target Basic System.
cloud-init[935]: Your identification has been saved in /etc/ssh/ssh_host_ecdsa_key.
[   31.360858] cloud-init[935]: Your public key has been saved in /etc/ssh/ssh_host_ecdsa_key.pub.
[   31.368086] cloud-init[935]: The key fingerprint is:
[   31.374577] cloud-init[935]: SHA256:i10Xk3KKgk4+Yd79mwlt3gUJpHc2dg7VqB7jZZTG7EA root@ubuntu-xenial
[   31.381780] cloud-init[935]: The key's randomart image is:
[   31.388030] cloud-init[935]: +---[ECDSA 256]---+
[   31.394193] cloud-init[935]: |          ..Eo.+ |
[   31.399467] cloud-init[935]: |         o  .oB .|
[   31.405708] cloud-init[935]: |        . + @*.  |
[   31.411029] cloud-init[935]:          Starting Pollinate to seed the pseudo random number generator...
         Starting Login Service...
|     .   o O+O+  |
[   31.419653] cloud-init[935]: |    = . S oo+=.  |
[   31.425483] cloud-init[935]: |   * o = + .o.   |
[   31.431193] cloud-init[935]: |    = o = o   .  |
[   31.437578] cloud-init[935]: |     .   = + .   |
[   31.443379] cloud-init[935]: |          *..    |
[   31.449556] cloud-init[935]: +----[SHA256]-----+
[   31.455564] cloud-init[935]: Generating public/private ed25519 key pair.
[   31.462180] cloud-init[935]: Your identification has been saved in /etc/ssh/ssh_host_ed25519_key.
[   31.469982] cloud-init[935]: Your public key has been saved in /etc/ssh/ssh_host_ed25519_key.pub.
[   31.477819] cloud-init[935]: The key fingerprint is:
[   31.484494] cloud-init[935]: SHA256:RXpdFZODRxwfhHG5KP0/VSpYK7rIcyxIgo7ZUdpb8qA root@ubuntu-xenial
[   31.491713] cloud-init[935]: The key's randomart image is:
[   31.498367] cloud-init[935]: +--[ED25519 256]--+
[   31.504385] cloud-init[935]: |          .  .OX*|
[   31.510059] cloud-init[935]: |         o . +.*+|
[   31.515698] cloud-init[935]: |        . o o o +|
[   31.521557] cloud-init[935]: |    .    o ..o ..|
[   31.528026] cloud-init[935]: | . +    S  o.....|
[   31.535357] cloud-init[935]: |. + = .   o o ...|
[   31.543518] cloud-init[935]: |oo = B . . . .  o|
[   31.550217] cloud-init[935]: |o.E o.+.+      ..|
[   31.556383] cloud-init[935]: |      o+..      .|
[   31.562699] cloud-init[935]: +----[SHA256]-----+
[[0;32m  OK  [0m] Started Regular background program processing daemon.
         Starting LXD - container startup/shutdown...
         Starting LSB: MD monitoring daemon...
         Starting Snap Daemon...
[[0;32m  OK  [0m] Started ACPI event daemon.
         Starting LSB: Record successful boot for GRUB...
[[0;32m  OK  [0m] Started FUSE filesystem for LXC.
         Starting Accounts Service...
         Starting /etc/rc.local Compatibility...
         Starting System Logging Service...
         Starting Virtualbox guest utils...
[[0;32m  OK  [0m] Started D-Bus System Message Bus.
[[0;32m  OK  [0m] Started Deferred execution scheduler.
[[0;32m  OK  [0m] Started System Logging Service.
[[0;32m  OK  [0m] Started /etc/rc.local Compatibility.
[[0;32m  OK  [0m] Started Login Service.
[[0;32m  OK  [0m] Started Unattended Upgrades Shutdown.
[[0;32m  OK  [0m] Started LSB: Record successful boot for GRUB.
[[0;32m  OK  [0m] Started iSCSI initiator daemon (iscsid).
         Starting Login to default iSCSI targets...
[[0;32m  OK  [0m] Started Login to default iSCSI targets.
[[0;32m  OK  [0m] Reached target Remote File Systems (Pre).
[[0;32m  OK  [0m] Reached target Remote File Systems.
         Starting LSB: daemon to balance interrupts for SMP systems...
         Starting Permit User Sessions...
         Starting LSB: automatic crash report generation...
         Starting LSB: Set the CPU Frequency Scaling governor to "ondemand"...
[[0;32m  OK  [0m] Started LSB: MD monitoring daemon.
[[0;32m  OK  [0m] Started LSB: Set the CPU Frequency Scaling governor to "ondemand".
[[0;32m  OK  [0m] Started Permit User Sessions.
         Starting Terminate Plymouth Boot Screen...
         Starting Hold until boot process finishes up...
[[0;32m  OK  [0m] Started Terminate Plymouth Boot Screen.
[[0;32m  OK  [0m] Started Hold until boot process finishes up.
[[0;32m  OK  [0m] Started Serial Getty on ttyS0.
[[0;32m  OK  [0m] Started Getty on tty1.
[[0;32m  OK  [0m] Reached target Login Prompts.
         Starting Set console scheme...
[[0;32m  OK  [0m] Started LSB: automatic crash report generation.
[[0;32m  OK  [0m] Started LSB: daemon to balance interrupts for SMP systems.
         Starting Authenticate and Authorize Users to Run Privileged Tasks...
[[0;32m  OK  [0m] Started Set console scheme.
[[0;32m  OK  [0m] Started Authenticate and Authorize Users to Run Privileged Tasks.
[[0;32m  OK  [0m] Started Accounts Service.
[[0;32m  OK  [0m] Started Virtualbox guest utils.
[[0;32m  OK  [0m] Started Pollinate to seed the pseudo random number generator.
         Starting OpenBSD Secure Shell server...
[[0;32m  OK  [0m] Started OpenBSD Secure Shell server.
[[0;32m  OK  [0m] Started LXD - container startup/shutdown.
[[0;32m  OK  [0m] Created slice User Slice of vagrant.
[[0;32m  OK  [0m] Started Session 1 of user vagrant.
         Starting User Manager for UID 1000...
[[0;32m  OK  [0m] Started User Manager for UID 1000.
[[0;32m  OK  [0m] Started Snap Daemon.
         Starting Wait until snapd is fully seeded...

Ubuntu 16.04.6 LTS ubuntu-xenial ttyS0

ubuntu-xenial login: [   44.054783] cloud-init[1487]: Generating locales (this might take a while)...
[   45.984611] cloud-init[1487]:   en_US.UTF-8... done
[   45.989708] cloud-init[1487]: Generation complete.
[   47.513044] cloud-init[1487]: Cloud-init v. 20.2-45-g5f7825e2-0ubuntu1~16.04.1 running 'modules:config' at Fri, 31 Jul 2020 12:46:03 +0000. Up 43.36 seconds.
ci-info: no authorized SSH keys fingerprints found for user ubuntu.
<14>Jul 31 12:46:08 ec2: 
<14>Jul 31 12:46:08 ec2: #############################################################
<14>Jul 31 12:46:08 ec2: -----BEGIN SSH HOST KEY FINGERPRINTS-----
<14>Jul 31 12:46:08 ec2: 1024 SHA256:B/p/pib1HeA3jf+dCgm2RGghia4LTG74pSoeyQ5xR/E root@ubuntu-xenial (DSA)
<14>Jul 31 12:46:08 ec2: 256 SHA256:i10Xk3KKgk4+Yd79mwlt3gUJpHc2dg7VqB7jZZTG7EA root@ubuntu-xenial (ECDSA)
<14>Jul 31 12:46:08 ec2: 256 SHA256:RXpdFZODRxwfhHG5KP0/VSpYK7rIcyxIgo7ZUdpb8qA root@ubuntu-xenial (ED25519)
<14>Jul 31 12:46:08 ec2: 2048 SHA256:ADJeoVPOzif+cNJfmjDTcMLUr56ESxI+jpEGmghBVAk root@ubuntu-xenial (RSA)
<14>Jul 31 12:46:08 ec2: -----END SSH HOST KEY FINGERPRINTS-----
<14>Jul 31 12:46:08 ec2: #############################################################
-----BEGIN SSH HOST KEY KEYS-----
ecdsa-sha2-nistp256 AAAAE2VjZHNhLXNoYTItbmlzdHAyNTYAAAAIbmlzdHAyNTYAAABBBA4fhEPu/KFn8MoEj1Yd8LS/uFkvkk+FW7V7vO1tT9P7c0V/EN/bT7ZhE/CBUIMeVpn2vl+0oTg9hVO8Rn71dT8= root@ubuntu-xenial
ssh-ed25519 AAAAC3NzaC1lZDI1NTE5AAAAIME0M8A/R/uS8O40GmV08PYQtkox7ZnDmOJIXUpVJNUD root@ubuntu-xenial
ssh-rsa AAAAB3NzaC1yc2EAAAADAQABAAABAQCuREUUE6dI5iekcxUfTueUg3pIupxWsiT2TCvsKyDjM2BLQKReXfgWjvNmCPjsJsPGEe5H1Ui30XCZWrnMmuCxeH7lcp22RZu+aABnHolTC88rtVo7S7R1bQFJLGKVafghEMETW3e4diNMRSbC5dKAWSf2G85pLFkgNEvE4WBJRSF5EDcuFVxsVo0EJMqVrntVn3eZ5WZWNVgKxyjrv+6C15QwSSLi27uvsrnvP+q6nO4bONXueK/NEDCfa1BioIy0rPtPlJ9BW+NChPCUA65XqHiLWEdGdjDx8wxlXCW4IGwIycJyZgfsEiv3aETMSpwmYrVMipbo+8ceoswzTEIf root@ubuntu-xenial
-----END SSH HOST KEY KEYS-----
[   48.052890] cloud-init[1780]: Cloud-init v. 20.2-45-g5f7825e2-0ubuntu1~16.04.1 running 'modules:final' at Fri, 31 Jul 2020 12:46:08 +0000. Up 47.82 seconds.
[   48.053105] cloud-init[1780]: ci-info: no authorized SSH keys fingerprints found for user ubuntu.
[   48.053589] cloud-init[1780]: Cloud-init v. 20.2-45-g5f7825e2-0ubuntu1~16.04.1 finished at Fri, 31 Jul 2020 12:46:08 +0000. Datasource DataSourceNoCloud [seed=/dev/sdb][dsmode=net].  Up 48.04 seconds
